INFO: adding 1 licenses for feature guna-server.
INFO: adding 2 licenses for feature guna-client.
INFO: total of 3 licenses were added.
INFO: request checkout.guna-client granted.
INFO: request checkout.guna-client granted.
INFO: request checkout.guna-client rejected.
INFO: request checkout.guna-client rejected.
INFO: request checkout.guna-client rejected.
INFO: request checkout.guna-client rejected.
INFO: request checkout.guna-client rejected.
INFO: request checkin.guna-client granted.
INFO: request checkout.guna-client granted.
INFO: request checkout.guna-client rejected.
INFO: request checkin.guna-client granted.
INFO: request checkout.guna-client granted.
INFO: request checkout.guna-client rejected.
INFO: request checkout.guna-client rejected.
INFO: request checkin.guna-client granted.
INFO: request checkin.guna-client granted.
INFO: request checkout.guna-client granted.
INFO: request checkin.guna-client granted.
INFO: request checkout.guna-client granted.
INFO: request checkout.guna-client granted.
INFO: request checkout.guna-client rejected.
INFO: request checkin.guna-client granted.
INFO: request checkout.guna-client granted.
INFO: request checkin.guna-client granted.
INFO: request checkout.guna-client granted.
INFO: request checkin.guna-client granted.
INFO: request checkin.guna-client granted.
INFO: request checkout.guna-client granted.
INFO: request checkout.guna-client granted.
INFO: request checkin.guna-client granted.
INFO: request checkin.guna-client granted.
INFO: request checkin.guna-client rejected.
INFO: request checkin.guna-client rejected.
INFO: request checkout.guna-client granted.
INFO: request checkout.guna-client granted.
INFO: request checkout.guna-client rejected.
INFO: request checkin.guna-client granted.
INFO: request checkout.guna-client granted.
INFO: request checkout.guna-client rejected.
INFO: request checkin.guna-client granted.
INFO: request checkin.guna-client granted.
INFO: request checkout.guna-client granted.
INFO: request checkin.guna-client granted.
INFO: request checkout.guna-client granted.
INFO: request checkin.guna-client granted.
INFO: request checkout.guna-client granted.
INFO: request checkin.guna-client granted.
INFO: request checkin.guna-client rejected.
INFO: request checkin.guna-client rejected.
INFO: request checkin.guna-client rejected.
INFO: request checkout.guna-client granted.
INFO: request checkout.guna-client granted.
INFO: request checkin.guna-client granted.
INFO: request checkin.guna-client granted.
INFO: request checkout.guna-client granted.
INFO: request checkin.guna-client granted.
INFO: request checkin.guna-client rejected.
INFO: request checkin.guna-client rejected.
INFO: request checkin.guna-client rejected.
INFO: request checkout.guna-client granted.
INFO: request checkin.guna-client granted.
INFO: request checkin.guna-client rejected.
INFO: request checkin.guna-client rejected.
INFO: request checkin.guna-client rejected.
shutting down.
